// Jest Snapshot v1, https://goo.gl/fbAQLP

exports[`<Button> Snapshot renders => it should rendered with the provided props 1`] = `
<div>
  <button
    class="extrenalClassName button"
    role="button"
  >
    <span>
       Button test 
    </span>
  </button>
</div>
`;
