// Jest Snapshot v1, https://goo.gl/fbAQLP

exports[`<Dropdown> Snapshot renders => it should rendered with the provided props 1`] = `
<div>
  <div
    class="dropdown__wrapper"
  >
    <div
      class="dropDown__button__wrapper"
    >
      <div
        class="dropdown__button"
        data-testid="dropdown__selected-test"
      >
        <img
          alt="es-flag"
          src="ES-Spain-Flag-icon.png"
        />
        <span>
          Espa√±ol
        </span>
      </div>
      <span
        class="dropdown__arrow"
        style="pointer-events: none;"
      >
        <svg
          aria-hidden="true"
          class="svg-inline--fa fa-chevron-down fa-w-14 "
          data-icon="chevron-down"
          data-prefix="fas"
          focusable="false"
          role="img"
          viewBox="0 0 448 512"
          xmlns="http://www.w3.org/2000/svg"
        >
          <path
            d="M207.029 381.476L12.686 187.132c-9.373-9.373-9.373-24.569 0-33.941l22.667-22.667c9.357-9.357 24.522-9.375 33.901-.04L224 284.505l154.745-154.021c9.379-9.335 24.544-9.317 33.901.04l22.667 22.667c9.373 9.373 9.373 24.569 0 33.941L240.971 381.476c-9.373 9.372-24.569 9.372-33.942 0z"
            fill="currentColor"
          />
        </svg>
      </span>
    </div>
  </div>
</div>
`;
